generator: already installed, replacing
stashing as generator:0
transient: already installed, replacing
stashing as transient:0
transient: already installed, replacing
stashing as transient:0
default plugins: develop 2017.11.18
welcome to gnucap-python
#           hidden(0) 
 0.         0.        
-1.         0.        
 0.         0.        
#           hidden(0) 
 0.         0.        
-1.         0.        
 0.         0.        
#Freq      
 0.        
#          
 27.       
#Time       hidden(0) 
 0.         0.        
 1.         1.        
Gnucap   System status
iterations: op=2, dc=2, tran=6, fourier=0, total=16
transient timesteps: accepted=3, rejected=0, total=3
transient timesteps: accepted=3, rejected=0, total=3
nodes: user=0, subckt=0, model=0, total=0
dctran density=0.0%, ac density=0.0%
