generator: already installed, replacing
stashing as generator:0
transient: already installed, replacing
stashing as transient:0
transient: already installed, replacing
stashing as transient:0
default plugins
myac: already installed, replacing
stashing as myac:0
ac: already installed, replacing
stashing as ac:0
bad internal command: myac:0SIM construction refused (correct)
install1
install2
HELLOWORLD
HELLOWORLD
HELLOWORLD2
HELLOWORLD
side effects?
....
HELLOWORLD
HELLOWORLD
done

